PASS  16.29  --color-text on --color-surface-page
PASS  15.48  --color-text on --color-surface
PASS  14.30  --color-text on --color-surface-sunken
PASS  13.30  --color-text on --color-surface-user
PASS  15.49  --color-text on --color-surface-info
PASS  15.44  --color-text on --color-surface-danger
PASS  15.49  --color-text on --color-surface-streaming
PASS  16.03  --color-text on --color-surface-warning-subtle
PASS  5.92  --color-text-secondary on --color-surface-page
PASS  5.62  --color-text-secondary on --color-surface
PASS  5.82  --color-text-secondary on --color-surface-warning-subtle
PASS  5.92  --color-text-muted on --color-surface-page
PASS  5.62  --color-text-muted on --color-surface
PASS  5.19  --color-text-muted on --color-surface-sunken
PASS  5.82  --color-text-muted on --color-surface-warning-subtle
PASS  4.53  --color-text-info on --color-surface-info
PASS  5.92  --color-kind-fg on --color-kind-default
PASS  4.77  --color-kind-fg on --color-kind-say
PASS  4.72  --color-kind-fg on --color-kind-write
PASS  4.61  --color-kind-fg on --color-kind-command
PASS  5.21  --color-kind-fg on --color-kind-error
PASS  6.17  --color-kind-fg on --color-kind-read
PASS  16.29  --color-kind-fg on --color-kind-done
PASS  10.93  --color-action-warning on --color-surface-warning
PASS  11.19  --color-action-warning on --color-surface-warning-subtle
PASS  10.47  --color-action-warning on --color-surface-mark
PASS  11.00  --color-action-routine-fg on --color-action-routine-surface
PASS  4.72  --color-action-commit-fg on --color-action-commit-surface
PASS  12.32  --color-action-irreversible-fg on --color-action-irreversible-surface
PASS  4.77  --color-action-primary-fg on --color-action-primary
PASS  5.21  --color-action-danger-fg on --color-action-danger
PASS  4.95  --color-action-danger on --color-surface
PASS  4.94  --color-action-danger on --color-surface-danger
PASS  6.97  --color-text on --color-surface@0.75
PASS  5.57  --color-focus on --color-surface
PASS  5.87  --color-focus on --color-surface-page
PASS  3.45  --color-focus on --color-surface@0.75
PASS  4.77  --color-marker-active on --color-surface-page
PASS  3.32  --color-border-strong on --color-surface-page
PASS  3.15  --color-border-strong on --color-surface
PASS  5.92  --color-border-hover on --color-surface-page
PASS  5.62  --color-border-hover on --color-surface
PASS  5.82  --color-border-hover on --color-surface-warning-subtle
PASS  4.18  --color-border-streaming on --color-surface-sunken
PASS  4.48  --color-border-success on --color-surface
PASS  10.80  --color-action-warning on --color-surface
PASS  10.93  --color-action-warning on --color-surface-warning
PASS  10.47  --color-action-warning on --color-surface-mark
PASS  11.19  --color-action-warning on --color-surface-warning-subtle
PASS  4.21  --color-action-routine on --color-action-routine-surface
PASS  4.48  --color-action-commit on --color-surface
PASS  11.70  --color-action-irreversible on --color-surface
PASS  4.77  --color-marker-active on --color-surface-page
ORDER 0.363  --color-text-muted before --color-text on --color-surface
PASS: 0 failures
[gsd] EXIT=0
